// Jest Snapshot v1, https://goo.gl/fbAQLP

exports[`TheDate component renders the UI as expected 1`] = `
<div>
  5/16/2020
</div>
`;
